38.000000
0 3, 0 8, 1 9, 2 3, 2 6, 4 10, 5 7, 6 9, 7 9, 9 10, 
2204848800
3509.961653;0.056016;