35.000000
0 7, 1 6, 1 8, 2 8, 3 4, 3 8, 4 7, 4 9, 5 6, 6 10, 
1359666000
2141.369602;0.044013;