38.000000
0 2, 0 3, 0 4, 1 2, 
120
0.002934;0.000000;