13.000000
0 4, 1 2, 1 3, 3 4, 
125
0.000000;0.002740;