42.000000
0 4, 1 3, 1 5, 2 3, 2 4, 2 6, 
14070
0.012086;0.000000;