46.000000
0 6, 1 2, 2 5, 3 4, 4 6, 5 6, 
16590
0.013868;0.000000;