29.000000
0 7, 1 2, 1 3, 1 8, 3 6, 4 5, 4 8, 7 8, 
3356640
3.810875;0.000000;