27.000000
0 2, 1 5, 2 7, 3 8, 4 5, 4 7, 6 7, 7 8, 
4609080
5.194489;0.003998;